{
  "saved": "research/followup/quality/cli-demo.json",
  "diagnosis": {
    "threshold": 0.004166666666666667,
    "flags": {
      "sensor_affine": true,
      "sensor_nonlinear": false,
      "mechanism_lack_of_fit": false,
      "noise_overdispersion": false
    },
    "first_look": {
      "sensor_affine": 1,
      "sensor_nonlinear": null,
      "mechanism_lack_of_fit": null,
      "noise_overdispersion": null
    },
    "label": "sensor_affine_signal",
    "any_alarm": true,
    "causal_source_identified": false
  },
  "costs": {
    "fit_cost": 35.2,
    "audit_cost": 77.4,
    "test_cost": 114.8,
    "n_simulated": 162,
    "n_biological_units": 0,
    "cost_unit": "synthetic_measurement_unit",
    "acquisition_cost": 112.60000000000001,
    "all_measurement_cost": 227.4
  }
}
