{
  "path": "/mnt/data/closed-loop-cli-smoke.json",
  "run_id": "mechanism_pair--guarded--aware--s27",
  "stop_reason": "training-budget-exhausted",
  "final": {
    "n": 183,
    "rmse_observed": 0.09346152680443261,
    "mae_observed": 0.07199431693286804,
    "observation_95_coverage": 0.9289617486338798,
    "observation_95_mean_width": 0.33972709065370976,
    "predictive_nll": -0.975882301768671,
    "standardized_squared_residual": 1.113053250978302,
    "rmse_latent": 3.5382564872989174e-14,
    "latent_95_coverage": 1.0,
    "latent_95_mean_width": 0.0,
    "final_target_passed": true,
    "cost_to_target": null,
    "cost_to_target_reason": "No repeated locked-test evaluation; first-passage cost not estimated",
    "baselines_same_training_measurements": {
      "constant_mean": {
        "rmse_latent": 0.4512778570071111,
        "rmse_observed": 0.46280942030489347
      },
      "ridge_scalar_condition": {
        "rmse_latent": 0.288850885885122,
        "rmse_observed": 0.30457227495791045
      }
    },
    "candidate_posterior": [
      0.9999999999997389,
      2.608685020761804e-13
    ],
    "argmax_candidate": "A",
    "selected_candidate": "A",
    "candidate_resolved_at_95_percent": true,
    "candidate_claim_passes_synthetic_diagnostic": true,
    "true_candidate_in_library": true,
    "candidate_choice_correct_in_synthetic_oracle": true,
    "by_readout": {
      "first/none": {
        "n": 61,
        "rmse_observed": 0.11588486331278129,
        "mae_observed": 0.09460185484320233,
        "observation_95_coverage": 0.9180327868852459,
        "observation_95_mean_width": 0.39199279690817773,
        "predictive_nll": -0.7121814825382091,
        "standardized_squared_residual": 1.342930154367907,
        "rmse_latent": 4.783135265930247e-14,
        "latent_95_coverage": 1.0,
        "latent_95_mean_width": 0.0
      },
      "sum/attenuate_b": {
        "n": 61,
        "rmse_observed": 0.08422711284509384,
        "mae_observed": 0.06435134481930917,
        "observation_95_coverage": 0.9016393442622951,
        "observation_95_mean_width": 0.31359423752654214,
        "predictive_nll": -1.052555225305224,
        "standardized_squared_residual": 1.1084697714237035,
        "rmse_latent": 3.8312829497857506e-14,
        "latent_95_coverage": 1.0,
        "latent_95_mean_width": 0.0
      },
      "sum/none": {
        "n": 61,
        "rmse_observed": 0.07537680607856007,
        "mae_observed": 0.0570297511360926,
        "observation_95_coverage": 0.9672131147540983,
        "observation_95_mean_width": 0.31359423752640936,
        "predictive_nll": -1.1629101974625793,
        "standardized_squared_residual": 0.8877598271432949,
        "rmse_latent": 2.5785581901517626e-16,
        "latent_95_coverage": 1.0,
        "latent_95_mean_width": 0.0
      }
    }
  },
  "audit": {
    "status": "pass",
    "errors": [],
    "scope": "structural/runtime evidence isolation; not scientific validity or signed authenticity"
  }
}
{
  "status": "pass",
  "errors": [],
  "scope": "structural/runtime evidence isolation; not scientific validity or signed authenticity"
}
