Completed 30/504 synthetic runs
Completed 60/504 synthetic runs
Completed 90/504 synthetic runs
Completed 120/504 synthetic runs
Completed 150/504 synthetic runs
Completed 180/504 synthetic runs
Completed 210/504 synthetic runs
Completed 240/504 synthetic runs
Completed 270/504 synthetic runs
Completed 300/504 synthetic runs
Completed 330/504 synthetic runs
Completed 360/504 synthetic runs
Completed 390/504 synthetic runs
Completed 420/504 synthetic runs
Completed 450/504 synthetic runs
Completed 480/504 synthetic runs
{
  "runs": 504,
  "browser_runs": 42,
  "seconds": 62.28387741100005,
  "summary": "research/results/pilot/summary.json",
  "all_audits_pass": true
}
